 
****************************************
Report : clock timing
        -type skew
        -nworst 1
        -setup
Design : system
Version: X-2025.06-SP1
Date   : Fri Oct 31 18:33:20 2025
****************************************

  Clock: BRD_CLK_P
  Clock Pin                              Latency             Skew
----------------------------------------------------------------------------
  u_amber0/u_coprocessor/R_2437/CK       0.0000                        wr-+
  u_amber0/u_coprocessor/R_2437/CK       0.0000              0.0000    wr-+
----------------------------------------------------------------------------

  Clock: mrx_clk
  Clock Pin                              Latency             Skew
----------------------------------------------------------------------------
  u_eth_top/RxAbortRst_reg/CK            0.0000                        wr-+
  u_eth_top/RxAbort_latch_reg/CK         0.0000              0.0000    wr-+
----------------------------------------------------------------------------

  Clock: mtx_clk
  Clock Pin                              Latency             Skew
----------------------------------------------------------------------------
  u_eth_top/CarrierSense_Tx1_reg/CK      0.0000                        wr-+
  u_eth_top/CarrierSense_Tx2_reg/CK      0.0000              0.0000    wr-+
----------------------------------------------------------------------------

1
